// Jest Snapshot v1, https://goo.gl/fbAQLP

exports[`Event Component should match snapshot 1`] = `
<div
  className="event"
>
  <div
    className="event__time"
  >
    18:00
  </div>
  <div
    className="event__info"
  >
    <div
      className="event__title"
    >
      testEvent
      <span
        className="event__title--free"
      />
    </div>
    <div>
       city name 1
    </div>
  </div>
  <div
    className="event__sign-up"
  >
    <button
      className="btn btn-blue"
      type="button"
    >
      sing up
    </button>
  </div>
</div>
`;
