// Jest Snapshot v1, https://goo.gl/fbAQLP

exports[`Event Component should match snapshot 1`] = `
<div
  className="event"
  role="listitem"
>
  <div
    className="event__time"
  >
    
  </div>
  <div
    className="event__info"
  >
    <div
      className="event__title"
    >
      testEvent
      <span
        className="event__title--free"
      />
    </div>
    <div
      className="event__info__city-name"
    >
       - 0h
    </div>
  </div>
  <div
    className="event__sign-up"
  >
    <button
      className="btn btn-blue"
      type="button"
    >
      Sign up
    </button>
  </div>
</div>
`;
